2025-08-21 21:14:33,699 - notebook.utils.model_training_pipeline - INFO - info:105 - ModelTrainingPipeline initialized with 4 base models
2025-08-21 21:14:40,162 - notebook.utils.model_training_pipeline - INFO - info:105 - ModelTrainingPipeline initialized with 4 base models
2025-08-21 21:14:40,175 - notebook.utils.model_training_pipeline - INFO - info:105 - Starting imbalance strategy comparison
2025-08-21 21:14:40,175 - notebook.utils.model_training_pipeline - INFO - info:105 - Evaluating strategy: class_weight_balanced
2025-08-21 21:14:42,406 - notebook.utils.model_training_pipeline - INFO - info:105 - Strategy class_weight_balanced + logistic_regression: ROC-AUC = 0.984 ± 0.007
2025-08-21 21:14:44,431 - notebook.utils.model_training_pipeline - INFO - info:105 - Strategy class_weight_balanced + random_forest: ROC-AUC = 0.987 ± 0.009
2025-08-21 21:14:44,432 - notebook.utils.model_training_pipeline - INFO - info:105 - Evaluating strategy: smote_regular
2025-08-21 21:14:46,689 - notebook.utils.model_training_pipeline - INFO - info:105 - Strategy smote_regular + logistic_regression: ROC-AUC = 0.983 ± 0.008
2025-08-21 21:14:47,740 - notebook.utils.model_training_pipeline - INFO - info:105 - Strategy smote_regular + random_forest: ROC-AUC = 0.985 ± 0.010
2025-08-21 21:14:47,775 - notebook.utils.model_training_pipeline - INFO - info:105 - Strategy comparison completed. Best combination: class_weight_balanced + random_forest (ROC-AUC: 0.987)
2025-08-21 21:14:55,082 - notebook.utils.model_training_pipeline - INFO - info:105 - ModelTrainingPipeline initialized with 4 base models
2025-08-21 21:14:55,084 - notebook.utils.model_training_pipeline - INFO - info:105 - Starting model training with cross-validation
2025-08-21 21:14:55,085 - notebook.utils.model_training_pipeline - INFO - info:105 - Training logistic_regression with class_weight_balanced strategy
2025-08-21 21:14:58,754 - notebook.utils.model_training_pipeline - INFO - info:105 - Training completed in 3.67s. CV ROC-AUC: 0.999 ± 0.002
2025-08-21 21:15:05,572 - notebook.utils.model_training_pipeline - INFO - info:105 - ModelTrainingPipeline initialized with 4 base models
2025-08-21 21:15:05,573 - notebook.utils.model_training_pipeline - INFO - info:105 - Starting model training with cross-validation
2025-08-21 21:15:05,573 - notebook.utils.model_training_pipeline - INFO - info:105 - Training logistic_regression with class_weight_balanced strategy
2025-08-21 21:15:09,419 - notebook.utils.model_training_pipeline - INFO - info:105 - Training completed in 3.85s. CV ROC-AUC: 0.842 ± 0.057
2025-08-21 21:15:09,419 - notebook.utils.model_training_pipeline - INFO - info:105 - Evaluating trained model: logistic_regression
2025-08-21 21:15:25,519 - notebook.utils.model_training_pipeline - INFO - info:105 - ModelTrainingPipeline initialized with 4 base models
2025-08-21 21:15:25,519 - notebook.utils.model_training_pipeline - INFO - info:105 - Starting model training with cross-validation
2025-08-21 21:15:25,519 - notebook.utils.model_training_pipeline - INFO - info:105 - Training logistic_regression with class_weight_balanced strategy
2025-08-21 21:15:29,525 - notebook.utils.model_training_pipeline - INFO - info:105 - Training completed in 4.01s. CV ROC-AUC: 0.842 ± 0.057
2025-08-21 21:15:29,525 - notebook.utils.model_training_pipeline - INFO - info:105 - Evaluating trained model: logistic_regression
2025-08-21 21:16:24,596 - notebook.utils.model_training_pipeline - INFO - info:105 - ModelTrainingPipeline initialized with 4 base models
2025-08-21 21:16:24,597 - notebook.utils.model_training_pipeline - INFO - info:105 - Starting model training with cross-validation
2025-08-21 21:16:24,597 - notebook.utils.model_training_pipeline - INFO - info:105 - Training logistic_regression with class_weight_balanced strategy
2025-08-21 21:16:28,808 - notebook.utils.model_training_pipeline - INFO - info:105 - Training completed in 4.21s. CV ROC-AUC: 0.988 ± 0.012
2025-08-21 21:16:28,808 - notebook.utils.model_training_pipeline - INFO - info:105 - Evaluating trained model: logistic_regression
2025-08-21 21:16:32,191 - notebook.utils.model_training_pipeline - INFO - info:105 - ModelTrainingPipeline initialized with 4 base models
2025-08-21 21:16:32,191 - notebook.utils.model_training_pipeline - INFO - info:105 - Starting imbalance strategy comparison
2025-08-21 21:16:32,192 - notebook.utils.model_training_pipeline - INFO - info:105 - Evaluating strategy: class_weight_balanced
2025-08-21 21:16:32,260 - notebook.utils.model_training_pipeline - INFO - info:105 - Strategy class_weight_balanced + logistic_regression: ROC-AUC = 0.983 ± 0.005
2025-08-21 21:16:32,666 - notebook.utils.model_training_pipeline - INFO - info:105 - Strategy class_weight_balanced + random_forest: ROC-AUC = 0.984 ± 0.007
2025-08-21 21:16:32,667 - notebook.utils.model_training_pipeline - INFO - info:105 - Evaluating strategy: smote_regular
2025-08-21 21:16:33,417 - notebook.utils.model_training_pipeline - INFO - info:105 - Strategy smote_regular + logistic_regression: ROC-AUC = 0.981 ± 0.003
2025-08-21 21:16:34,404 - notebook.utils.model_training_pipeline - INFO - info:105 - Strategy smote_regular + random_forest: ROC-AUC = 0.981 ± 0.009
2025-08-21 21:16:34,404 - notebook.utils.model_training_pipeline - INFO - info:105 - Evaluating strategy: balanced_rf
2025-08-21 21:16:35,281 - notebook.utils.model_training_pipeline - INFO - info:105 - Strategy balanced_rf + logistic_regression: ROC-AUC = 0.982 ± 0.005
2025-08-21 21:16:35,575 - notebook.utils.model_training_pipeline - INFO - info:105 - Strategy balanced_rf + random_forest: ROC-AUC = 0.982 ± 0.005
2025-08-21 21:16:35,576 - notebook.utils.model_training_pipeline - INFO - info:105 - Strategy comparison completed. Best combination: class_weight_balanced + random_forest (ROC-AUC: 0.984)
2025-08-21 21:16:35,589 - notebook.utils.model_training_pipeline - INFO - info:105 - Finding optimal strategy based on roc_auc
2025-08-21 21:16:35,590 - notebook.utils.model_training_pipeline - INFO - info:105 - Starting imbalance strategy comparison
2025-08-21 21:16:35,590 - notebook.utils.model_training_pipeline - INFO - info:105 - Evaluating strategy: class_weight_balanced
2025-08-21 21:16:35,657 - notebook.utils.model_training_pipeline - INFO - info:105 - Strategy class_weight_balanced + logistic_regression: ROC-AUC = 0.983 ± 0.005
2025-08-21 21:16:35,939 - notebook.utils.model_training_pipeline - INFO - info:105 - Strategy class_weight_balanced + random_forest: ROC-AUC = 0.984 ± 0.007
2025-08-21 21:16:36,381 - notebook.utils.model_training_pipeline - INFO - info:105 - Strategy class_weight_balanced + gradient_boosting: ROC-AUC = 0.967 ± 0.008
2025-08-21 21:16:36,430 - notebook.utils.model_training_pipeline - INFO - info:105 - Strategy class_weight_balanced + svm: ROC-AUC = 0.987 ± 0.005
2025-08-21 21:16:36,430 - notebook.utils.model_training_pipeline - INFO - info:105 - Evaluating strategy: class_weight_custom
2025-08-21 21:16:36,499 - notebook.utils.model_training_pipeline - INFO - info:105 - Strategy class_weight_custom + logistic_regression: ROC-AUC = 0.983 ± 0.005
2025-08-21 21:16:36,805 - notebook.utils.model_training_pipeline - INFO - info:105 - Strategy class_weight_custom + random_forest: ROC-AUC = 0.984 ± 0.007
2025-08-21 21:16:37,257 - notebook.utils.model_training_pipeline - INFO - info:105 - Strategy class_weight_custom + gradient_boosting: ROC-AUC = 0.967 ± 0.008
2025-08-21 21:16:37,303 - notebook.utils.model_training_pipeline - INFO - info:105 - Strategy class_weight_custom + svm: ROC-AUC = 0.987 ± 0.005
2025-08-21 21:16:37,303 - notebook.utils.model_training_pipeline - INFO - info:105 - Evaluating strategy: smote_regular
2025-08-21 21:16:37,371 - notebook.utils.model_training_pipeline - INFO - info:105 - Strategy smote_regular + logistic_regression: ROC-AUC = 0.981 ± 0.003
2025-08-21 21:16:37,706 - notebook.utils.model_training_pipeline - INFO - info:105 - Strategy smote_regular + random_forest: ROC-AUC = 0.981 ± 0.009
2025-08-21 21:16:38,347 - notebook.utils.model_training_pipeline - INFO - info:105 - Strategy smote_regular + gradient_boosting: ROC-AUC = 0.979 ± 0.007
2025-08-21 21:16:38,415 - notebook.utils.model_training_pipeline - INFO - info:105 - Strategy smote_regular + svm: ROC-AUC = 0.985 ± 0.005
2025-08-21 21:16:38,415 - notebook.utils.model_training_pipeline - INFO - info:105 - Evaluating strategy: smote_borderline
2025-08-21 21:16:38,482 - notebook.utils.model_training_pipeline - INFO - info:105 - Strategy smote_borderline + logistic_regression: ROC-AUC = 0.977 ± 0.004
2025-08-21 21:16:38,828 - notebook.utils.model_training_pipeline - INFO - info:105 - Strategy smote_borderline + random_forest: ROC-AUC = 0.979 ± 0.010
2025-08-21 21:16:39,497 - notebook.utils.model_training_pipeline - INFO - info:105 - Strategy smote_borderline + gradient_boosting: ROC-AUC = 0.972 ± 0.005
2025-08-21 21:16:39,585 - notebook.utils.model_training_pipeline - INFO - info:105 - Strategy smote_borderline + svm: ROC-AUC = 0.987 ± 0.002
2025-08-21 21:16:39,585 - notebook.utils.model_training_pipeline - INFO - info:105 - Evaluating strategy: adasyn
2025-08-21 21:16:39,679 - notebook.utils.model_training_pipeline - INFO - info:105 - Strategy adasyn + logistic_regression: ROC-AUC = 0.978 ± 0.009
2025-08-21 21:16:40,061 - notebook.utils.model_training_pipeline - INFO - info:105 - Strategy adasyn + random_forest: ROC-AUC = 0.979 ± 0.010
2025-08-21 21:16:40,721 - notebook.utils.model_training_pipeline - INFO - info:105 - Strategy adasyn + gradient_boosting: ROC-AUC = 0.967 ± 0.006
2025-08-21 21:16:40,810 - notebook.utils.model_training_pipeline - INFO - info:105 - Strategy adasyn + svm: ROC-AUC = 0.986 ± 0.005
2025-08-21 21:16:40,810 - notebook.utils.model_training_pipeline - INFO - info:105 - Evaluating strategy: smote_svm
2025-08-21 21:16:40,888 - notebook.utils.model_training_pipeline - INFO - info:105 - Strategy smote_svm + logistic_regression: ROC-AUC = 0.982 ± 0.006
2025-08-21 21:16:41,234 - notebook.utils.model_training_pipeline - INFO - info:105 - Strategy smote_svm + random_forest: ROC-AUC = 0.983 ± 0.009
2025-08-21 21:16:41,894 - notebook.utils.model_training_pipeline - INFO - info:105 - Strategy smote_svm + gradient_boosting: ROC-AUC = 0.980 ± 0.006
2025-08-21 21:16:41,973 - notebook.utils.model_training_pipeline - INFO - info:105 - Strategy smote_svm + svm: ROC-AUC = 0.988 ± 0.006
2025-08-21 21:16:41,974 - notebook.utils.model_training_pipeline - INFO - info:105 - Evaluating strategy: balanced_rf
2025-08-21 21:16:42,280 - notebook.utils.model_training_pipeline - INFO - info:105 - Strategy balanced_rf + logistic_regression: ROC-AUC = 0.982 ± 0.005
2025-08-21 21:16:42,577 - notebook.utils.model_training_pipeline - INFO - info:105 - Strategy balanced_rf + random_forest: ROC-AUC = 0.982 ± 0.005
2025-08-21 21:16:42,872 - notebook.utils.model_training_pipeline - INFO - info:105 - Strategy balanced_rf + gradient_boosting: ROC-AUC = 0.982 ± 0.005
2025-08-21 21:16:43,188 - notebook.utils.model_training_pipeline - INFO - info:105 - Strategy balanced_rf + svm: ROC-AUC = 0.982 ± 0.005
2025-08-21 21:16:43,188 - notebook.utils.model_training_pipeline - INFO - info:105 - Evaluating strategy: easy_ensemble
2025-08-21 21:16:44,344 - notebook.utils.model_training_pipeline - INFO - info:105 - Strategy easy_ensemble + logistic_regression: ROC-AUC = 0.972 ± 0.010
2025-08-21 21:16:45,625 - notebook.utils.model_training_pipeline - INFO - info:105 - Strategy easy_ensemble + random_forest: ROC-AUC = 0.972 ± 0.010
2025-08-21 21:16:46,857 - notebook.utils.model_training_pipeline - INFO - info:105 - Strategy easy_ensemble + gradient_boosting: ROC-AUC = 0.972 ± 0.010
2025-08-21 21:16:48,076 - notebook.utils.model_training_pipeline - INFO - info:105 - Strategy easy_ensemble + svm: ROC-AUC = 0.972 ± 0.010
2025-08-21 21:16:48,076 - notebook.utils.model_training_pipeline - INFO - info:105 - Evaluating strategy: smote_tomek
2025-08-21 21:16:48,144 - notebook.utils.model_training_pipeline - INFO - info:105 - Strategy smote_tomek + logistic_regression: ROC-AUC = 0.981 ± 0.003
2025-08-21 21:16:48,500 - notebook.utils.model_training_pipeline - INFO - info:105 - Strategy smote_tomek + random_forest: ROC-AUC = 0.981 ± 0.009
2025-08-21 21:16:49,180 - notebook.utils.model_training_pipeline - INFO - info:105 - Strategy smote_tomek + gradient_boosting: ROC-AUC = 0.979 ± 0.007
2025-08-21 21:16:49,268 - notebook.utils.model_training_pipeline - INFO - info:105 - Strategy smote_tomek + svm: ROC-AUC = 0.985 ± 0.005
2025-08-21 21:16:49,268 - notebook.utils.model_training_pipeline - INFO - info:105 - Evaluating strategy: smote_enn
2025-08-21 21:16:49,336 - notebook.utils.model_training_pipeline - INFO - info:105 - Strategy smote_enn + logistic_regression: ROC-AUC = 0.974 ± 0.008
2025-08-21 21:16:49,681 - notebook.utils.model_training_pipeline - INFO - info:105 - Strategy smote_enn + random_forest: ROC-AUC = 0.979 ± 0.008
2025-08-21 21:16:50,351 - notebook.utils.model_training_pipeline - INFO - info:105 - Strategy smote_enn + gradient_boosting: ROC-AUC = 0.982 ± 0.011
2025-08-21 21:16:50,430 - notebook.utils.model_training_pipeline - INFO - info:105 - Strategy smote_enn + svm: ROC-AUC = 0.987 ± 0.005
2025-08-21 21:16:50,431 - notebook.utils.model_training_pipeline - INFO - info:105 - Strategy comparison completed. Best combination: smote_svm + svm (ROC-AUC: 0.988)
2025-08-21 21:16:50,434 - notebook.utils.model_training_pipeline - INFO - info:105 - Optimal combination: smote_svm + svm with roc_auc = 0.9878
2025-08-21 21:16:50,435 - notebook.utils.model_training_pipeline - INFO - info:105 - Starting model training with cross-validation
2025-08-21 21:16:50,435 - notebook.utils.model_training_pipeline - INFO - info:105 - Training svm with smote_svm strategy
2025-08-21 21:16:50,788 - notebook.utils.model_training_pipeline - INFO - info:105 - Training completed in 0.35s. CV ROC-AUC: 0.988 ± 0.006
2025-08-21 21:16:50,788 - notebook.utils.model_training_pipeline - INFO - info:105 - Evaluating trained model: svm
2025-08-21 21:16:54,343 - notebook.utils.model_training_pipeline - INFO - info:105 - ModelTrainingPipeline initialized with 4 base models
2025-08-21 21:16:54,343 - notebook.utils.model_training_pipeline - INFO - info:105 - Starting model training with cross-validation
2025-08-21 21:16:54,344 - notebook.utils.model_training_pipeline - INFO - info:105 - Training random_forest with smote_regular strategy
2025-08-21 21:16:55,106 - notebook.utils.model_training_pipeline - INFO - info:105 - Training completed in 0.76s. CV ROC-AUC: 0.973 ± 0.017
2025-08-21 21:16:55,107 - notebook.utils.model_training_pipeline - INFO - info:105 - Evaluating trained model: random_forest
2025-08-21 21:16:58,514 - notebook.utils.model_training_pipeline - INFO - info:105 - ModelTrainingPipeline initialized with 4 base models
2025-08-21 21:16:58,514 - notebook.utils.model_training_pipeline - INFO - info:105 - Starting model training with cross-validation
2025-08-21 21:16:58,515 - notebook.utils.model_training_pipeline - INFO - info:105 - Training logistic_regression with class_weight_balanced strategy
2025-08-21 21:16:58,650 - notebook.utils.model_training_pipeline - INFO - info:105 - Training completed in 0.13s. CV ROC-AUC: 0.971 ± 0.010
2025-08-21 21:16:58,650 - notebook.utils.model_training_pipeline - INFO - info:105 - Evaluating trained model: logistic_regression
2025-08-21 21:17:02,090 - notebook.utils.model_training_pipeline - INFO - info:105 - Starting model training with cross-validation
2025-08-21 21:17:02,090 - notebook.utils.model_training_pipeline - INFO - info:105 - Training random_forest with smote_regular strategy
2025-08-21 21:17:02,801 - notebook.utils.model_training_pipeline - INFO - info:105 - Training completed in 0.71s. CV ROC-AUC: 0.986 ± 0.009
2025-08-21 21:17:02,802 - notebook.utils.model_training_pipeline - INFO - info:105 - Evaluating trained model: random_forest
2025-08-21 21:17:06,188 - notebook.utils.model_training_pipeline - INFO - info:105 - Starting model training with cross-validation
2025-08-21 21:17:06,189 - notebook.utils.model_training_pipeline - INFO - info:105 - Training gradient_boosting with class_weight_balanced strategy
2025-08-21 21:17:07,380 - notebook.utils.model_training_pipeline - INFO - info:105 - Training completed in 1.19s. CV ROC-AUC: 0.973 ± 0.014
2025-08-21 21:17:07,380 - notebook.utils.model_training_pipeline - INFO - info:105 - Evaluating trained model: gradient_boosting
